// Jest Snapshot v1, https://goo.gl/fbAQLP

exports[`test <App /> when load state is false matches the snapshot 1`] = `
<div
  className="loading"
>
  <div>
    Å‚adowanie
  </div>
  <div
    className="spinner"
  />
</div>
`;
