// Jest Snapshot v1, https://goo.gl/fbAQLP

exports[`test <ClearInput /> matches the snapshot 1`] = `
<span
  className="clear-input"
  onClick={[Function]}
>
  â˜“
</span>
`;
