// Jest Snapshot v1, https://goo.gl/fbAQLP

exports[`test <ParkingsSettings /> matches the snapshot 1`] = `
<div
  className="parkings"
>
  <h6>
    Filtruj parkingi:
  </h6>
  <label
    htmlFor="minSpacesInput"
  >
    Minimalna dostępna liczba miejsc
  </label>
  <div>
    <input
      id="minSpacesLevel"
      max="100"
      min="0"
      name="minSpaces"
      onChange={[Function]}
      type="range"
      value={5}
    />
    <input
      id=""
      max="100"
      min="0"
      name="minSpaces"
      onChange={[Function]}
      type="number"
      value={5}
    />
    <span
      className="clear-input"
      onClick={[Function]}
    >
      ☓
    </span>
  </div>
  <span>
    Wszystkie 
    parkingi
     spełniają określone kryteria
  </span>
</div>
`;
